// Jest Snapshot v1, https://goo.gl/fbAQLP

exports[`CLI help interface for 'admin create-oauth2-client-with-admin-privileges' should be expected english 1`] = `
"Usage: frodo admin create-oauth2-client-with-admin-privileges [options] [host] [realm] [username] [password]

Create an oauth2 client with admin privileges.

Arguments:
  host                      Access Management base URL, e.g.:
                            https://cdk.iam.example.com/am. To use a connection
                            profile, just specify a unique substring.
  realm                     Realm. Specify realm as '/' for the root realm or
                            'realm' or '/parent/child' otherwise. (default:
                            "alpha" for Identity Cloud tenants, "/" otherwise.)
  username                  Username to login with. Must be an admin user with
                            appropriate rights to manage authentication
                            journeys/trees.
  password                  Password.

Options:
  --client-id [id]          Client id.
  --client-secret [secret]  Client secret.
  --curlirize               Output all network calls in curl format.
  --debug                   Debug output during command execution. If
                            specified, may or may not produce additional output
                            helpful for troubleshooting.
  -h, --help                Help
  -k, --insecure            Allow insecure connections when using SSL/TLS. Has
                            no effect when using a network proxy for https
                            (HTTPS_PROXY=http://<host>:<port>), in that case
                            the proxy must provide this capability. (default:
                            Don't allow insecure connections)
  --llt                     Create a long-lived token and store it in a secret.
                            The default secret name is esv-admin-token and the
                            default token lifetime is 315,360,000 seconds (10
                            years). Both can be overwritten with the --llt-esv
                            and --llt-ttl options.
  --llt-esv [esv]           Name of the secret to store the token in. This
                            option only applies if used with the --llt option.
                            (default: esv-admin-token)
  --llt-scope [scope]       Request the following scope(s). This option only
                            applies if used with the --llt option. (default:
                            fr:idm:*)
  --llt-ttl [ttl]           Token lifetime (seconds). This option only applies
                            if used with the --llt option. (default:
                            315,360,000 seconds (10 years))
  -m, --type <type>         Override auto-detected deployment type. Valid
                            values for type:
                            classic:  A classic Access Management-only
                            deployment with custom layout and configuration.
                            cloud:    A ForgeRock Identity Cloud environment.
                            forgeops: A ForgeOps CDK or CDM deployment.
                            The detected or provided deployment type controls
                            certain behavior like obtaining an Identity
                            Management admin token or not and whether to
                            export/import referenced email templates or how to
                            walk through the tenant admin login flow of
                            Identity Cloud and handle MFA (choices: "classic",
                            "cloud", "forgeops")
  --no-llt-esv              Don't store the token in a secret and output to
                            console instead. This option only applies if used
                            with the --llt option.
  --sa-id <sa-id>           Service account id.
  --sa-jwk-file <file>      File containing the JSON Web Key (JWK) associated
                            with the the service account.
  --verbose                 Verbose output during command execution. If
                            specified, may or may not produce additional
                            output.

Evironment Variables:
  FRODO_HOST: Access Management base URL. Overrides 'host' argument.
  FRODO_REALM: Realm. Overrides 'realm' argument.
  FRODO_USERNAME: Username. Overrides 'username' argument.
  FRODO_PASSWORD: Password. Overrides 'password' argument.
  FRODO_SA_ID: Service account uuid. Overrides '--sa-id' option.
  FRODO_SA_JWK: Service account JWK. Overrides '--sa-jwk-file' option but takes the actual JWK as a value, not a file name.
  FRODO_AUTHENTICATION_SERVICE: Name of a login journey to use.
  FRODO_DEBUG: Set to any value to enable debug output. Same as '--debug'.

"
`;
