// Jest Snapshot v1, https://goo.gl/fbAQLP

exports[`CLI help interface for 'conn describe' should be expected english 1`] = `
"Usage: frodo conn describe [options] [host]

Describe connection profile.

Arguments:
  host                  Access Management base URL, e.g.:
                        https://cdk.iam.example.com/am. To use a connection
                        profile, just specify a unique substring.

Options:
  --debug               Debug output during command execution. If specified,
                        may or may not produce additional output helpful for
                        troubleshooting.
  -h, --help            Help
  --sa-id <sa-id>       Service account id.
  --sa-jwk-file <file>  File containing the JSON Web Key (JWK) associated with
                        the the service account.
  --show-secrets        Show passwords and secrets.
  --verbose             Verbose output during command execution. If specified,
                        may or may not produce additional output.

Evironment Variables:
  FRODO_HOST: Access Management base URL. Overrides 'host' argument.
  FRODO_REALM: Realm. Overrides 'realm' argument.
  FRODO_USERNAME: Username. Overrides 'username' argument.
  FRODO_PASSWORD: Password. Overrides 'password' argument.
  FRODO_SA_ID: Service account uuid. Overrides '--sa-id' option.
  FRODO_SA_JWK: Service account JWK. Overrides '--sa-jwk-file' option but takes the actual JWK as a value, not a file name.
  FRODO_AUTHENTICATION_SERVICE: Name of a login journey to use.
  FRODO_DEBUG: Set to any value to enable debug output. Same as '--debug'.

"
`;
