// Jest Snapshot v1, https://goo.gl/fbAQLP

exports[`CLI help interface for 'log' should be expected english 1`] = `
"Usage: frodo log|logs [options] [command]

View Identity Cloud logs. If valid tenant admin credentials are specified, a log API key and secret are automatically created for that admin user.

Options:
  -h, --help      Help

Commands:
  fetch           Fetch Identity Cloud logs for a time window.
  help [command]  display help for command
  key             Manage Identity Cloud log API keys.
  list            List available ID Cloud log sources.
  tail            Tail Identity Cloud logs.
"
`;

exports[`CLI help interface for 'logs' should be expected english 1`] = `
"Usage: frodo log|logs [options] [command]

View Identity Cloud logs. If valid tenant admin credentials are specified, a log API key and secret are automatically created for that admin user.

Options:
  -h, --help      Help

Commands:
  fetch           Fetch Identity Cloud logs for a time window.
  help [command]  display help for command
  key             Manage Identity Cloud log API keys.
  list            List available ID Cloud log sources.
  tail            Tail Identity Cloud logs.
"
`;
