// Jest Snapshot v1, https://goo.gl/fbAQLP

exports[`CLI help interface for 'frodo' root command should be expected english 1`] = `
"Usage: frodo [options] [command]

Options:
  -v, --version                                output the version number
  -h, --help                                   display help for command

Commands:
  admin                                        Platform admin tasks.
  agent                                        Manage agents.
  authz                                        Manage authotiztion policies, policy sets, and resource types.
  app|application                              Manage OAuth2 applications.
  conn|connection                              Manage connection profiles.
  email                                        Manage email templates and configuration.
  esv                                          Manage environment secrets and variables (ESVs).
  idm                                          Manage IDM configuration.
  idp                                          Manage (social) identity providers.
  info [options] [host] [username] [password]  Print versions and tokens.
  journey                                      Manage journeys/trees.
  log|logs                                     List/View Identity Cloud logs
  realm                                        Manage realms.
  saml                                         Manage SAML entity providers and circles of trust.
  script                                       Manage scripts.
  service                                      Manage AM services.
  theme                                        Manage themes.
  help [command]                               display help for command
"
`;
