// Jest Snapshot v1, https://goo.gl/fbAQLP

exports[`frodo journey list "frodo journey list --long": should list the names, status, and tags of the default journeys 1`] = `
"Name              │Status │Tags                                                       
APIProtection     │enabled│API Protection                                             
ConnectSocial     │enabled│Self-Service                                               
DevicePrint       │enabled│Adaptive, Helper                                           
ForgottenUsername │enabled│Self-Service                                               
FraudRisk         │enabled│Adaptive, Helper, Proof Of Concept                         
iSocialLogin      │enabled│Social Authentication                                      
Login             │enabled│Authentication, Social Authentication                      
MFAAutoSelect     │enabled│MFA, Adaptive, Helper, OTP                                 
MFAWithEmailOTP   │enabled│MFA, OTP                                                   
MFAWithSMSOTP     │enabled│MFA, OTP                                                   
MFAWithVoiceOTP   │enabled│MFA, OTP                                                   
ProgressiveProfile│enabled│Progressive Profile, Helper                                
ProtectedLogin    │enabled│API Protection, Authentication, Proof Of Concept, Prototype
Registration      │enabled│Registration                                               
ResetPassword     │enabled│                                                           
UpdatePassword    │enabled│                                                           
UpdateUsername    │enabled│                                                           
"
`;

exports[`frodo journey list "frodo journey list -l": should list the names, status, and tags of the default journeys 1`] = `
"Name              │Status │Tags                                                       
APIProtection     │enabled│API Protection                                             
ConnectSocial     │enabled│Self-Service                                               
DevicePrint       │enabled│Adaptive, Helper                                           
ForgottenUsername │enabled│Self-Service                                               
FraudRisk         │enabled│Adaptive, Helper, Proof Of Concept                         
iSocialLogin      │enabled│Social Authentication                                      
Login             │enabled│Authentication, Social Authentication                      
MFAAutoSelect     │enabled│MFA, Adaptive, Helper, OTP                                 
MFAWithEmailOTP   │enabled│MFA, OTP                                                   
MFAWithSMSOTP     │enabled│MFA, OTP                                                   
MFAWithVoiceOTP   │enabled│MFA, OTP                                                   
ProgressiveProfile│enabled│Progressive Profile, Helper                                
ProtectedLogin    │enabled│API Protection, Authentication, Proof Of Concept, Prototype
Registration      │enabled│Registration                                               
ResetPassword     │enabled│                                                           
UpdatePassword    │enabled│                                                           
UpdateUsername    │enabled│                                                           
"
`;

exports[`frodo journey list "frodo journey list": should list the names of the default journeys 1`] = `
"APIProtection
ConnectSocial
DevicePrint
ForgottenUsername
FraudRisk
iSocialLogin
Login
MFAAutoSelect
MFAWithEmailOTP
MFAWithSMSOTP
MFAWithVoiceOTP
ProgressiveProfile
ProtectedLogin
Registration
ResetPassword
UpdatePassword
UpdateUsername
"
`;
